{
  "html": "tmp/basic.min.html",
  "script": {
    "min": [
      "test/fixtures/jquery.min.js"
    ],
    "raw": [
      "test/fixtures/app.js",
      "test/fixtures/controller.js"
    ]
  },
  "style": {
    "min": [
      "test/fixtures/bootstrap.min.css"
    ],
    "raw": [
      "test/fixtures/test.css",
      "test/fixtures/another-style.css"
    ]
  },
  "output": {
    "cssSrc": "basic.min.css",
    "cssDep": "basic.deps.min.css",
    "jsSrc": "basic.min.js",
    "jsDep": "basic.deps.min.js"
  }
}