<!doctype html>
<html>
<head>
  <meta name="lang" value="something">
  <title>Hello, there!</title>
  <script src="basic.deps.min.js"></script>
  <script src="basic.min.js"></script>
  <link rel="stylesheet" href="basic.deps.min.css">
  <link rel="stylesheet" href="basic.min.css">
</head>
<body>
  <h1>Testing</h1>
</body>
</html>